// Jest Snapshot v1, https://goo.gl/fbAQLP

exports[`Icon renders IconList 1`] = `
<div>
  <ul
    class="sc-c1cddc5c-1 khYiKz"
  >
    <li
      class="sc-c1cddc5c-2 fdVrZe"
    >
      <span
        class="material-icons sc-c1cddc5c-0 QOUCc"
      >
        public
      </span>
      Born on Earth
    </li>
    <li
      class="sc-c1cddc5c-2 fdVrZe"
    >
      <span
        class="material-icons sc-c1cddc5c-0 dDzQqv"
      >
        favorite
      </span>
      Is 
      alive
    </li>
    <li
      class="sc-c1cddc5c-2 fdVrZe"
    >
      <span
        class="material-icons sc-c1cddc5c-0 QOUCc"
      >
        group
      </span>
      Human
    </li>
    <li
      class="sc-c1cddc5c-2 fdVrZe"
    >
      <span
        class="material-icons sc-c1cddc5c-0 QOUCc"
      >
        video_file
      </span>
      Was seen in 
      22
       chapters
    </li>
  </ul>
</div>
`;
