// Jest Snapshot v1, https://goo.gl/fbAQLP

exports[`AddCharacterForm renders form 1`] = `<div />`;
