// Jest Snapshot v1, https://goo.gl/fbAQLP

exports[`Characters should render Characters page 1`] = `
<div>
  <header
    class="sc-75d2f2ff-0 fbiUAK"
  >
    <div
      class="sc-75d2f2ff-1 gMhXdr"
    >
      <a
        class="sc-75d2f2ff-2 QLpgX"
        href="/"
      >
        <img
          alt="final-space-text"
          class="sc-75d2f2ff-3 fcosyw"
          src="https://images.fanart.tv/fanart/final-space-5e6df59bd745e.png"
        />
      </a>
      <nav>
        <div
          class="sc-2fc18e3d-0 aplpR"
        >
          <div />
          <div />
          <div />
        </div>
        <ul
          class="sc-3413b2c7-0 kWOcCk"
        >
          <li>
            <a
              class="sc-3413b2c7-1 cPDNgh"
              href="/characters"
            >
              Characters
            </a>
          </li>
          <li>
            <a
              class="sc-3413b2c7-1 cPDNgh"
              href="/characters"
            >
              Episodes
            </a>
          </li>
          <li>
            <a
              class="sc-3413b2c7-1 cPDNgh"
              href="/characters"
            >
              Info
            </a>
          </li>
          <li>
            <a
              class="sc-3413b2c7-1 cPDNgh"
              href="/characters"
            >
              Games
            </a>
          </li>
        </ul>
      </nav>
    </div>
  </header>
  <form
    class="sc-2364cced-0 fmRQea"
  >
    <div
      class="MuiFormControl-root MuiTextField-root sc-2364cced-3 bBcyYR text css-1u3bzj6-MuiFormControl-root-MuiTextField-root"
    >
      <label
        class="MuiFormLabel-root MuiInputLabel-root MuiInputLabel-formControl MuiInputLabel-animated MuiInputLabel-sizeSmall MuiInputLabel-outlined MuiFormLabel-colorPrimary MuiInputLabel-root MuiInputLabel-formControl MuiInputLabel-animated MuiInputLabel-sizeSmall MuiInputLabel-outlined css-1pysi21-MuiFormLabel-root-MuiInputLabel-root"
        data-shrink="false"
        for="search-bar"
        id="search-bar-label"
      >
        Find character
      </label>
      <div
        class="MuiInputBase-root MuiOutlinedInput-root MuiInputBase-colorPrimary MuiInputBase-formControl MuiInputBase-sizeSmall MuiInputBase-adornedEnd css-o9k5xi-MuiInputBase-root-MuiOutlinedInput-root"
      >
        <input
          aria-invalid="false"
          class="MuiInputBase-input MuiOutlinedInput-input MuiInputBase-inputSizeSmall MuiInputBase-inputAdornedEnd css-19qh8xo-MuiInputBase-input-MuiOutlinedInput-input"
          id="search-bar"
          placeholder="Search..."
          type="text"
          value=""
        />
        <div
          class="MuiInputAdornment-root MuiInputAdornment-positionEnd MuiInputAdornment-outlined MuiInputAdornment-sizeSmall css-1laqsz7-MuiInputAdornment-root"
        >
          <span
            class="material-icons sc-2364cced-2 OkJHB"
          >
            search
          </span>
        </div>
        <fieldset
          aria-hidden="true"
          class="MuiOutlinedInput-notchedOutline css-1d3z3hw-MuiOutlinedInput-notchedOutline"
        >
          <legend
            class="css-yjsfm1"
          >
            <span>
              Find character
            </span>
          </legend>
        </fieldset>
      </div>
    </div>
  </form>
  <div
    class="sc-da2bec26-0 cIXBnP"
  >
    <div
      class="sc-bddf278f-0 iXLujA"
      tabindex="0"
    >
      <div
        class="sc-bddf278f-1 kaRqye"
      >
        <div
          class="sc-bddf278f-2 jgrdui"
        />
        <div
          class="sc-bddf278f-2 sc-bddf278f-3 jgrdui fWnqRP"
        />
      </div>
      <div
        class="sc-bddf278f-4 dfPjBw"
      >
        Add new Character
      </div>
    </div>
    <div
      class="sc-dde61c08-0 kKmqkj"
      tabindex="0"
    >
      <img
        alt="Catie"
        class="sc-dde61c08-2 ctkqjG"
        src="https://images.pexels.com/photos/45201/kitty-cat-kâ€¦jpeg?auto=compress&cs=tinysrgb&w=1260&h=750&dpr=1"
      />
      <div
        class="sc-dde61c08-1 fDUClv"
      >
        Catie
      </div>
    </div>
    <div
      class="sc-dde61c08-0 kKmqkj"
      tabindex="0"
    >
      <img
        alt="Gary Goodspeed"
        class="sc-dde61c08-2 ctkqjG"
        src="https://finalspaceapi.com/api/character/avatar/gary_goodspeed.png"
      />
      <div
        class="sc-dde61c08-1 fDUClv"
      >
        Gary Goodspeed
      </div>
    </div>
  </div>
</div>
`;
