// Jest Snapshot v1, https://goo.gl/fbAQLP

exports[`CardDetailsModal renders details modal 1`] = `<div />`;
