// Jest Snapshot v1, https://goo.gl/fbAQLP

exports[`CharacterForm renders form 1`] = `<div />`;
